// Jest Snapshot v1, https://goo.gl/fbAQLP

exports[`matches snapshot 1`] = `
<form
  className="container WorkoutForm"
  data-testid="form"
  onSubmit={[Function]}
>
  <input
    min="1"
    name="time"
    onChange={[Function]}
    type="number"
    value={1}
  />
  <select
    id="type"
    name="type"
  >
    <option
      value="Run"
    >
      Run
    </option>
    <option
      value="Swimming"
    >
      Swimming
    </option>
    <option
      value="Bike"
    >
      Bike
    </option>
  </select>
  <input
    min="2021-04-08"
    name="date"
    onChange={[Function]}
    type="date"
    value="2021-04-08"
  />
  <button
    data-testid="form-submit"
    type="submit"
  >
    Add
  </button>
</form>
`;
